Archive member included to satisfy reference by file (symbol)

.\CortexM3\ARM_GCC_541\Debug\GDIP Hand Dryer Rev1.a(Estop.o)
                              .\CortexM3\ARM_GCC_541\Debug\main.o (Estop_ClearInterrupt)
.\CortexM3\ARM_GCC_541\Debug\GDIP Hand Dryer Rev1.a(Detect_5V.o)
                              .\CortexM3\ARM_GCC_541\Debug\main.o (Detect_5V_ClearInterrupt)
.\CortexM3\ARM_GCC_541\Debug\GDIP Hand Dryer Rev1.a(UPS_LBO.o)
                              .\CortexM3\ARM_GCC_541\Debug\main.o (UPS_LBO_ClearInterrupt)
.\CortexM3\ARM_GCC_541\Debug\GDIP Hand Dryer Rev1.a(Servo_En_1.o)
                              .\CortexM3\ARM_GCC_541\Debug\main.o (Servo_En_1_Write)
.\CortexM3\ARM_GCC_541\Debug\GDIP Hand Dryer Rev1.a(I2C_1.o)
                              .\CortexM3\ARM_GCC_541\Debug\PCA9685_Custom.o (I2C_1_Start)
.\CortexM3\ARM_GCC_541\Debug\GDIP Hand Dryer Rev1.a(I2C_1_INT.o)
                              .\CortexM3\ARM_GCC_541\Debug\GDIP Hand Dryer Rev1.a(I2C_1.o) (I2C_1_ISR)
.\CortexM3\ARM_GCC_541\Debug\GDIP Hand Dryer Rev1.a(I2C_1_PM.o)
                              .\CortexM3\ARM_GCC_541\Debug\GDIP Hand Dryer Rev1.a(I2C_1.o) (I2C_1_backup)
.\CortexM3\ARM_GCC_541\Debug\GDIP Hand Dryer Rev1.a(I2C_1_MASTER.o)
                              .\CortexM3\ARM_GCC_541\Debug\GDIP Hand Dryer Rev1.a(I2C_1.o) (I2C_1_mstrStatus)
.\CortexM3\ARM_GCC_541\Debug\GDIP Hand Dryer Rev1.a(CyLib.o)
                              .\CortexM3\ARM_GCC_541\Debug\Cm3Start.o (CyHalt)
.\CortexM3\ARM_GCC_541\Debug\GDIP Hand Dryer Rev1.a(cyPm.o)
                              .\CortexM3\ARM_GCC_541\Debug\GDIP Hand Dryer Rev1.a(CyLib.o) (CyPmReadStatus)
.\CortexM3\ARM_GCC_541\Debug\GDIP Hand Dryer Rev1.a(Estop_int.o)
                              .\CortexM3\ARM_GCC_541\Debug\main.o (Estop_int_StartEx)
.\CortexM3\ARM_GCC_541\Debug\GDIP Hand Dryer Rev1.a(Detect_5V_int.o)
                              .\CortexM3\ARM_GCC_541\Debug\main.o (Detect_5V_int_StartEx)
.\CortexM3\ARM_GCC_541\Debug\GDIP Hand Dryer Rev1.a(UPS_LBO_int.o)
                              .\CortexM3\ARM_GCC_541\Debug\main.o (UPS_LBO_int_StartEx)
.\CortexM3\ARM_GCC_541\Debug\GDIP Hand Dryer Rev1.a(CyBootAsmGnu.o)
                              .\CortexM3\ARM_GCC_541\Debug\cyfitter_cfg.o (CyDelayCycles)
.\CortexM3\ARM_GCC_541\Debug\GDIP Hand Dryer Rev1.a(CyFlash.o)
                              .\CortexM3\ARM_GCC_541\Debug\GDIP Hand Dryer Rev1.a(cyPm.o) (CyFlash_SetWaitCycles)
.\CortexM3\ARM_GCC_541\Debug\GDIP Hand Dryer Rev1.a(CySpc.o)
                              .\CortexM3\ARM_GCC_541\Debug\GDIP Hand Dryer Rev1.a(CyFlash.o) (CySpcStart)
c:/program files (x86)/cypress/psoc creator/4.2/psoc creator/import/gnu/arm/5.4.1/bin/../lib/gcc/arm-none-eabi/5.4.1/../../../../arm-none-eabi/lib/armv7-m\libm.a(lib_a-s_floor.o)
                              .\CortexM3\ARM_GCC_541\Debug\PCA9685_Custom.o (floor)
c:/program files (x86)/cypress/psoc creator/4.2/psoc creator/import/gnu/arm/5.4.1/bin/../lib/gcc/arm-none-eabi/5.4.1/armv7-m\libgcc.a(_arm_addsubdf3.o)
                              .\CortexM3\ARM_GCC_541\Debug\PCA9685_Custom.o (__aeabi_dadd)
c:/program files (x86)/cypress/psoc creator/4.2/psoc creator/import/gnu/arm/5.4.1/bin/../lib/gcc/arm-none-eabi/5.4.1/armv7-m\libgcc.a(_arm_muldivdf3.o)
                              .\CortexM3\ARM_GCC_541\Debug\PCA9685_Custom.o (__aeabi_dmul)
c:/program files (x86)/cypress/psoc creator/4.2/psoc creator/import/gnu/arm/5.4.1/bin/../lib/gcc/arm-none-eabi/5.4.1/armv7-m\libgcc.a(_arm_cmpdf2.o)
                              c:/program files (x86)/cypress/psoc creator/4.2/psoc creator/import/gnu/arm/5.4.1/bin/../lib/gcc/arm-none-eabi/5.4.1/../../../../arm-none-eabi/lib/armv7-m\libm.a(lib_a-s_floor.o) (__aeabi_dcmpgt)
c:/program files (x86)/cypress/psoc creator/4.2/psoc creator/import/gnu/arm/5.4.1/bin/../lib/gcc/arm-none-eabi/5.4.1/armv7-m\libgcc.a(_arm_fixunsdfsi.o)
                              .\CortexM3\ARM_GCC_541\Debug\PCA9685_Custom.o (__aeabi_d2uiz)
c:/program files (x86)/cypress/psoc creator/4.2/psoc creator/import/gnu/arm/5.4.1/bin/../lib/gcc/arm-none-eabi/5.4.1/armv7-m\libgcc.a(_arm_truncdfsf2.o)
                              .\CortexM3\ARM_GCC_541\Debug\PCA9685_Custom.o (__aeabi_d2f)
c:/program files (x86)/cypress/psoc creator/4.2/psoc creator/import/gnu/arm/5.4.1/bin/../lib/gcc/arm-none-eabi/5.4.1/armv7-m\libgcc.a(_arm_addsubsf3.o)
                              .\CortexM3\ARM_GCC_541\Debug\PCA9685_Custom.o (__aeabi_fsub)
c:/program files (x86)/cypress/psoc creator/4.2/psoc creator/import/gnu/arm/5.4.1/bin/../lib/gcc/arm-none-eabi/5.4.1/armv7-m\libgcc.a(_arm_muldivsf3.o)
                              .\CortexM3\ARM_GCC_541\Debug\PCA9685_Custom.o (__aeabi_fdiv)
c:/program files (x86)/cypress/psoc creator/4.2/psoc creator/import/gnu/arm/5.4.1/bin/../lib/gcc/arm-none-eabi/5.4.1/../../../../arm-none-eabi/lib/armv7-m\libg_nano.a(lib_a-errno.o)
                              .\CortexM3\ARM_GCC_541\Debug\Cm3Start.o (__errno)
[...]
Memory Configuration

Name             Origin             Length             Attributes
rom              0x00000000         0x00040000         xr
ram              0x1fff8000         0x00010000         xrw
*default*        0x00000000         0xffffffff

Linker script and memory map

LOAD c:/program files (x86)/cypress/psoc creator/4.2/psoc creator/import/gnu/arm/5.4.1/bin/../lib/gcc/arm-none-eabi/5.4.1/armv7-m/crti.o
LOAD c:/program files (x86)/cypress/psoc creator/4.2/psoc creator/import/gnu/arm/5.4.1/bin/../lib/gcc/arm-none-eabi/5.4.1/armv7-m/crtbegin.o
LOAD c:/program files (x86)/cypress/psoc creator/4.2/psoc creator/import/gnu/arm/5.4.1/bin/../lib/gcc/arm-none-eabi/5.4.1/../../../../arm-none-eabi/lib/armv7-m/crt0.o
START GROUP
LOAD .\CortexM3\ARM_GCC_541\Debug\main.o
LOAD .\CortexM3\ARM_GCC_541\Debug\PCA9685_Custom.o
LOAD .\CortexM3\ARM_GCC_541\Debug\cyfitter_cfg.o
LOAD .\CortexM3\ARM_GCC_541\Debug\cymetadata.o
LOAD .\CortexM3\ARM_GCC_541\Debug\Cm3Start.o
LOAD .\CortexM3\ARM_GCC_541\Debug\GDIP Hand Dryer Rev1.a
LOAD C:\Program Files (x86)\Cypress\PSoC Creator\4.2\PSoC Creator\psoc\content\cycomponentlibrary\CyComponentLibrary.cylib\CortexM3\ARM_GCC_541\Debug\CyComponentLibrary.a
LOAD ..\..\Libraries\emFile_V322c\LinkLibrary\PSoC5\GCC\libemf16nosnlfn.a
LOAD c:/program files (x86)/cypress/psoc creator/4.2/psoc creator/import/gnu/arm/5.4.1/bin/../lib/gcc/arm-none-eabi/5.4.1/../../../../arm-none-eabi/lib/armv7-m\libm.a
END GROUP
START GROUP
LOAD c:/program files (x86)/cypress/psoc creator/4.2/psoc creator/import/gnu/arm/5.4.1/bin/../lib/gcc/arm-none-eabi/5.4.1/armv7-m\libgcc.a
LOAD c:/program files (x86)/cypress/psoc creator/4.2/psoc creator/import/gnu/arm/5.4.1/bin/../lib/gcc/arm-none-eabi/5.4.1/../../../../arm-none-eabi/lib/armv7-m\libg_nano.a
LOAD c:/program files (x86)/cypress/psoc creator/4.2/psoc creator/import/gnu/arm/5.4.1/bin/../lib/gcc/arm-none-eabi/5.4.1/../../../../arm-none-eabi/lib/armv7-m\libc_nano.a
END GROUP
START GROUP
LOAD c:/program files (x86)/cypress/psoc creator/4.2/psoc creator/import/gnu/arm/5.4.1/bin/../lib/gcc/arm-none-eabi/5.4.1/armv7-m\libgcc.a
LOAD c:/program files (x86)/cypress/psoc creator/4.2/psoc creator/import/gnu/arm/5.4.1/bin/../lib/gcc/arm-none-eabi/5.4.1/../../../../arm-none-eabi/lib/armv7-m\libc_nano.a
END GROUP
LOAD c:/program files (x86)/cypress/psoc creator/4.2/psoc creator/import/gnu/arm/5.4.1/bin/../lib/gcc/arm-none-eabi/5.4.1/armv7-m/crtend.o
LOAD c:/program files (x86)/cypress/psoc creator/4.2/psoc creator/import/gnu/arm/5.4.1/bin/../lib/gcc/arm-none-eabi/5.4.1/armv7-m/crtn.o
START GROUP
LOAD c:/program files (x86)/cypress/psoc creator/4.2/psoc creator/import/gnu/arm/5.4.1/bin/../lib/gcc/arm-none-eabi/5.4.1/armv7-m\libgcc.a
LOAD c:/program files (x86)/cypress/psoc creator/4.2/psoc creator/import/gnu/arm/5.4.1/bin/../lib/gcc/arm-none-eabi/5.4.1/../../../../arm-none-eabi/lib/armv7-m\libc.a
LOAD c:/program files (x86)/cypress/psoc creator/4.2/psoc creator/import/gnu/arm/5.4.1/bin/../lib/gcc/arm-none-eabi/5.4.1/../../../../arm-none-eabi/lib/armv7-m\libnosys.a
END GROUP
                0x00000000                CY_APPL_ORIGIN = 0x0
                0x00000100                CY_FLASH_ROW_SIZE = 0x100
                0x00000020                CY_ECC_ROW_SIZE = 0x20
                0x00000000                CY_EE_IN_BTLDR = 0x0
                0x00000000                CY_APPL_LOADABLE = 0x0
                0x00000800                CY_EE_SIZE = 0x800
                0x00000001                CY_APPL_NUM = 0x1
                0x00000001                CY_APPL_MAX = 0x1
                0x00000040                CY_METADATA_SIZE = 0x40
                0x00000000                CY_APPL_LOADABLE = 0x0
                0x00000000                CY_CHECKSUM_EXCLUDE_SIZE = ALIGN (0x0, CY_FLASH_ROW_SIZE)
                [!provide]                PROVIDE (__cy_heap_start, _end)
                0x00000001                PROVIDE (__cy_region_num, ((__cy_regions_end - __cy_regions) / 0x10))
                0x20008000                PROVIDE (__cy_stack, (ORIGIN (ram) + LENGTH (ram)))
                [!provide]                PROVIDE (__cy_heap_end, (__cy_stack - 0x800))

.cybootloader   0x00000000        0x0
 *(.cybootloader)
                0x00000000                appl1_start = CY_APPL_ORIGIN?CY_APPL_ORIGIN:ALIGN (CY_FLASH_ROW_SIZE)
                0x0001ff00                appl2_start = (appl1_start + ALIGN ((((LENGTH (rom) - appl1_start) - (0x2 * CY_FLASH_ROW_SIZE)) / 0x2), CY_FLASH_ROW_SIZE))
                0x00000000                appl_start = (CY_APPL_NUM == 0x1)?appl1_start:appl2_start
                0x00000000                ecc_offset = ((appl_start / CY_FLASH_ROW_SIZE) * CY_ECC_ROW_SIZE)
                0x00000000                ee_offset = (CY_APPL_LOADABLE && ! (CY_EE_IN_BTLDR))?((CY_EE_SIZE / CY_APPL_MAX) * (CY_APPL_NUM - 0x1)):0x0
                0x00000800                ee_size = (CY_APPL_LOADABLE && ! (CY_EE_IN_BTLDR))?(CY_EE_SIZE / CY_APPL_MAX):CY_EE_SIZE
                [!provide]                PROVIDE (CY_ECC_OFFSET, ecc_offset)

.text           0x00000000     0x1c96
 CREATE_OBJECT_SYMBOLS
                0x00000000                PROVIDE (__cy_interrupt_vector, RomVectors)
 *(.romvectors)
 .romvectors    0x00000000       0x10 .\CortexM3\ARM_GCC_541\Debug\Cm3Start.o
                0x00000000                RomVectors
                0x00000001                ASSERT ((. != __cy_interrupt_vector), No interrupt vector)
                0x00000001                ASSERT (CY_APPL_ORIGIN?(SIZEOF (.cybootloader) <= CY_APPL_ORIGIN):0x1, Wrong image location)
                0x00000010                PROVIDE (__cy_reset, Reset)
 *(.text.Reset)
 .text.Reset    0x00000010       0x18 .\CortexM3\ARM_GCC_541\Debug\Cm3Start.o
                0x00000010                Reset
                0x00000001                ASSERT ((. != __cy_reset), No reset code)
 *(.dma_init)
                0x00000001                ASSERT ((((appl_start + .) <= 0x10000) || 0x1), DMA Init must be within the first 64k of flash)
 *(.text .text.* .gnu.linkonce.t.*)
 .text          0x00000028       0x5c c:/program files (x86)/cypress/psoc creator/4.2/psoc creator/import/gnu/arm/5.4.1/bin/../lib/gcc/arm-none-eabi/5.4.1/armv7-m/crtbegin.o
 .text.Estop_ISR_Handler
                0x00000084       0x10 .\CortexM3\ARM_GCC_541\Debug\main.o
                0x00000084                Estop_ISR_Handler
 .text.Detect_5V_Handler
                0x00000094       0x10 .\CortexM3\ARM_GCC_541\Debug\main.o
                0x00000094                Detect_5V_Handler
 .text.UPS_LBO_Handler
                0x000000a4        0x8 .\CortexM3\ARM_GCC_541\Debug\main.o
                0x000000a4                UPS_LBO_Handler
 .text.main     0x000000ac       0x78 .\CortexM3\ARM_GCC_541\Debug\main.o
                0x000000ac                main
 .text.PCA9685_Custom_setPWM
                0x00000124       0x3c .\CortexM3\ARM_GCC_541\Debug\PCA9685_Custom.o
                0x00000124                PCA9685_Custom_setPWM
 .text.PCA9685_Custom_Write8
                0x00000160       0x2c .\CortexM3\ARM_GCC_541\Debug\PCA9685_Custom.o
                0x00000160                PCA9685_Custom_Write8
 .text.PCA9685_Custom_Reset
                0x0000018c        0xc .\CortexM3\ARM_GCC_541\Debug\PCA9685_Custom.o
                0x0000018c                PCA9685_Custom_Reset
 .text.PCA9685_Custom_Read8
                0x00000198       0x2c .\CortexM3\ARM_GCC_541\Debug\PCA9685_Custom.o
                0x00000198                PCA9685_Custom_Read8
 *fill*         0x000001c4        0x4 
 .text.PCA9685_Custom_setPWMFreq
                0x000001c8       0x88 .\CortexM3\ARM_GCC_541\Debug\PCA9685_Custom.o
                0x000001c8                PCA9685_Custom_setPWMFreq
 .text.PCA9685_Custom_Begin
                0x00000250       0x18 .\CortexM3\ARM_GCC_541\Debug\PCA9685_Custom.o
                0x00000250                PCA9685_Custom_Begin
 .text.CyClockStartupError
                0x00000268        0x4 .\CortexM3\ARM_GCC_541\Debug\cyfitter_cfg.o
 .text.cfg_write_bytes32
                0x0000026c       0x34 .\CortexM3\ARM_GCC_541\Debug\cyfitter_cfg.o
 .text.AnalogSetDefault
                0x000002a0       0x28 .\CortexM3\ARM_GCC_541\Debug\cyfitter_cfg.o
 .text.CYMEMZERO
                0x000002c8        0xc .\CortexM3\ARM_GCC_541\Debug\cyfitter_cfg.o
 .text.ClockSetup
                0x000002d4       0xb4 .\CortexM3\ARM_GCC_541\Debug\cyfitter_cfg.o
 .text.CYCONFIGCPY
                0x00000388        0x8 .\CortexM3\ARM_GCC_541\Debug\cyfitter_cfg.o
 .text.cyfitter_cfg
                0x00000390      0x124 .\CortexM3\ARM_GCC_541\Debug\cyfitter_cfg.o
                0x00000390                cyfitter_cfg
 .text.IntDefaultHandler
                0x000004b4       0x10 .\CortexM3\ARM_GCC_541\Debug\Cm3Start.o
                0x000004b4                IntDefaultHandler
 .text.Start_c  0x000004c4       0x4c .\CortexM3\ARM_GCC_541\Debug\Cm3Start.o
                0x000004c4                Start_c
 .text.initialize_psoc
                0x00000510       0x68 .\CortexM3\ARM_GCC_541\Debug\Cm3Start.o
                0x00000510                initialize_psoc
 .text.Estop_ClearInterrupt
                0x00000578       0x10 .\CortexM3\ARM_GCC_541\Debug\GDIP Hand Dryer Rev1.a(Estop.o)
                0x00000578                Estop_ClearInterrupt
 .text.Detect_5V_ClearInterrupt
                0x00000588        0xc .\CortexM3\ARM_GCC_541\Debug\GDIP Hand Dryer Rev1.a(Detect_5V.o)
                0x00000588                Detect_5V_ClearInterrupt
 .text.UPS_LBO_ClearInterrupt
                0x00000594       0x10 .\CortexM3\ARM_GCC_541\Debug\GDIP Hand Dryer Rev1.a(UPS_LBO.o)
                0x00000594                UPS_LBO_ClearInterrupt
 .text.Servo_En_1_Write
                0x000005a4       0x18 .\CortexM3\ARM_GCC_541\Debug\GDIP Hand Dryer Rev1.a(Servo_En_1.o)
                0x000005a4                Servo_En_1_Write
 .text.I2C_1_Init
                0x000005bc       0x68 .\CortexM3\ARM_GCC_541\Debug\GDIP Hand Dryer Rev1.a(I2C_1.o)
                0x000005bc                I2C_1_Init
 .text.I2C_1_Enable
                0x00000624       0x24 .\CortexM3\ARM_GCC_541\Debug\GDIP Hand Dryer Rev1.a(I2C_1.o)
                0x00000624                I2C_1_Enable
 .text.I2C_1_Start
                0x00000648       0x28 .\CortexM3\ARM_GCC_541\Debug\GDIP Hand Dryer Rev1.a(I2C_1.o)
                0x00000648                I2C_1_Start
 .text.I2C_1_ISR
                0x00000670      0x2d0 .\CortexM3\ARM_GCC_541\Debug\GDIP Hand Dryer Rev1.a(I2C_1_INT.o)
                0x00000670                I2C_1_ISR
 .text.I2C_1_MasterSendStart
                0x00000940       0x80 .\CortexM3\ARM_GCC_541\Debug\GDIP Hand Dryer Rev1.a(I2C_1_MASTER.o)
                0x00000940                I2C_1_MasterSendStart
 .text.I2C_1_MasterSendRestart
                0x000009c0       0x6c .\CortexM3\ARM_GCC_541\Debug\GDIP Hand Dryer Rev1.a(I2C_1_MASTER.o)
                0x000009c0                I2C_1_MasterSendRestart
 .text.I2C_1_MasterSendStop
                0x00000a2c       0x38 .\CortexM3\ARM_GCC_541\Debug\GDIP Hand Dryer Rev1.a(I2C_1_MASTER.o)
                0x00000a2c                I2C_1_MasterSendStop
 .text.I2C_1_MasterWriteByte
                0x00000a64       0x58 .\CortexM3\ARM_GCC_541\Debug\GDIP Hand Dryer Rev1.a(I2C_1_MASTER.o)
                0x00000a64                I2C_1_MasterWriteByte
 .text.I2C_1_MasterReadByte
                0x00000abc       0x58 .\CortexM3\ARM_GCC_541\Debug\GDIP Hand Dryer Rev1.a(I2C_1_MASTER.o)
                0x00000abc                I2C_1_MasterReadByte
 .text.CyHalt   0x00000b14        0x4 .\CortexM3\ARM_GCC_541\Debug\GDIP Hand Dryer Rev1.a(CyLib.o)
                0x00000b14                CyHalt
 .text.CyDelay  0x00000b18       0x2c .\CortexM3\ARM_GCC_541\Debug\GDIP Hand Dryer Rev1.a(CyLib.o)
                0x00000b18                CyDelay
 .text.CyDelayUs
                0x00000b44       0x14 .\CortexM3\ARM_GCC_541\Debug\GDIP Hand Dryer Rev1.a(CyLib.o)
                0x00000b44                CyDelayUs
 .text.CyIntSetVector
                0x00000b58       0x28 .\CortexM3\ARM_GCC_541\Debug\GDIP Hand Dryer Rev1.a(CyLib.o)
                0x00000b58                CyIntSetVector
 .text.CyIntSetPriority
                0x00000b80       0x30 .\CortexM3\ARM_GCC_541\Debug\GDIP Hand Dryer Rev1.a(CyLib.o)
                0x00000b80                CyIntSetPriority
 .text.Estop_int_SetVector
                0x00000bb0        0xc .\CortexM3\ARM_GCC_541\Debug\GDIP Hand Dryer Rev1.a(Estop_int.o)
                0x00000bb0                Estop_int_SetVector
 .text.Estop_int_SetPriority
                0x00000bbc       0x10 .\CortexM3\ARM_GCC_541\Debug\GDIP Hand Dryer Rev1.a(Estop_int.o)
                0x00000bbc                Estop_int_SetPriority
 .text.Estop_int_Enable
                0x00000bcc       0x10 .\CortexM3\ARM_GCC_541\Debug\GDIP Hand Dryer Rev1.a(Estop_int.o)
                0x00000bcc                Estop_int_Enable
 .text.Estop_int_Disable
                0x00000bdc       0x10 .\CortexM3\ARM_GCC_541\Debug\GDIP Hand Dryer Rev1.a(Estop_int.o)
                0x00000bdc                Estop_int_Disable
 .text.Estop_int_StartEx
                0x00000bec       0x1c .\CortexM3\ARM_GCC_541\Debug\GDIP Hand Dryer Rev1.a(Estop_int.o)
                0x00000bec                Estop_int_StartEx
 .text.Detect_5V_int_SetVector
                0x00000c08        0xc .\CortexM3\ARM_GCC_541\Debug\GDIP Hand Dryer Rev1.a(Detect_5V_int.o)
                0x00000c08                Detect_5V_int_SetVector
 .text.Detect_5V_int_SetPriority
                0x00000c14       0x10 .\CortexM3\ARM_GCC_541\Debug\GDIP Hand Dryer Rev1.a(Detect_5V_int.o)
                0x00000c14                Detect_5V_int_SetPriority
 .text.Detect_5V_int_Enable
                0x00000c24        0xc .\CortexM3\ARM_GCC_541\Debug\GDIP Hand Dryer Rev1.a(Detect_5V_int.o)
                0x00000c24                Detect_5V_int_Enable
 .text.Detect_5V_int_Disable
                0x00000c30        0xc .\CortexM3\ARM_GCC_541\Debug\GDIP Hand Dryer Rev1.a(Detect_5V_int.o)
                0x00000c30                Detect_5V_int_Disable
 .text.Detect_5V_int_StartEx
                0x00000c3c       0x1c .\CortexM3\ARM_GCC_541\Debug\GDIP Hand Dryer Rev1.a(Detect_5V_int.o)
                0x00000c3c                Detect_5V_int_StartEx
 .text.UPS_LBO_int_SetVector
                0x00000c58        0xc .\CortexM3\ARM_GCC_541\Debug\GDIP Hand Dryer Rev1.a(UPS_LBO_int.o)
                0x00000c58                UPS_LBO_int_SetVector
 .text.UPS_LBO_int_SetPriority
                0x00000c64       0x10 .\CortexM3\ARM_GCC_541\Debug\GDIP Hand Dryer Rev1.a(UPS_LBO_int.o)
                0x00000c64                UPS_LBO_int_SetPriority
 .text.UPS_LBO_int_Enable
                0x00000c74        0xc .\CortexM3\ARM_GCC_541\Debug\GDIP Hand Dryer Rev1.a(UPS_LBO_int.o)
                0x00000c74                UPS_LBO_int_Enable
 .text.UPS_LBO_int_Disable
                0x00000c80        0xc .\CortexM3\ARM_GCC_541\Debug\GDIP Hand Dryer Rev1.a(UPS_LBO_int.o)
                0x00000c80                UPS_LBO_int_Disable
 .text.UPS_LBO_int_StartEx
                0x00000c8c       0x1c .\CortexM3\ARM_GCC_541\Debug\GDIP Hand Dryer Rev1.a(UPS_LBO_int.o)
                0x00000c8c                UPS_LBO_int_StartEx
 .text          0x00000ca8       0x20 .\CortexM3\ARM_GCC_541\Debug\GDIP Hand Dryer Rev1.a(CyBootAsmGnu.o)
                0x00000ca8                CyDelayCycles
                0x00000cb8                CyEnterCriticalSection
                0x00000cc0                CyExitCriticalSection
 .text.floor    0x00000cc8      0x110 c:/program files (x86)/cypress/psoc creator/4.2/psoc creator/import/gnu/arm/5.4.1/bin/../lib/gcc/arm-none-eabi/5.4.1/../../../../arm-none-eabi/lib/armv7-m\libm.a(lib_a-s_floor.o)
                0x00000cc8                floor
 .text          0x00000dd8      0x370 c:/program files (x86)/cypress/psoc creator/4.2/psoc creator/import/gnu/arm/5.4.1/bin/../lib/gcc/arm-none-eabi/5.4.1/armv7-m\libgcc.a(_arm_addsubdf3.o)
                0x00000dd8                __aeabi_drsub
                0x00000de0                __aeabi_dsub
                0x00000de0                __subdf3
                0x00000de4                __aeabi_dadd
                0x00000de4                __adddf3
                0x0000105c                __floatunsidf
                0x0000105c                __aeabi_ui2d
                0x0000107c                __floatsidf
                0x0000107c                __aeabi_i2d
                0x000010a0                __aeabi_f2d
                0x000010a0                __extendsfdf2
                0x000010dc                __floatundidf
                0x000010dc                __aeabi_ul2d
                0x000010ec                __floatdidf
                0x000010ec                __aeabi_l2d
 .text          0x00001148      0x424 c:/program files (x86)/cypress/psoc creator/4.2/psoc creator/import/gnu/arm/5.4.1/bin/../lib/gcc/arm-none-eabi/5.4.1/armv7-m\libgcc.a(_arm_muldivdf3.o)
                0x00001148                __aeabi_dmul
                0x00001148                __muldf3
                0x0000139c                __divdf3
                0x0000139c                __aeabi_ddiv
 .text          0x0000156c      0x110 c:/program files (x86)/cypress/psoc creator/4.2/psoc creator/import/gnu/arm/5.4.1/bin/../lib/gcc/arm-none-eabi/5.4.1/armv7-m\libgcc.a(_arm_cmpdf2.o)
                0x0000156c                __gtdf2
                0x0000156c                __gedf2
                0x00001574                __ltdf2
                0x00001574                __ledf2
                0x0000157c                __nedf2
                0x0000157c                __eqdf2
                0x0000157c                __cmpdf2
                0x000015f8                __aeabi_cdrcmple
                0x00001608                __aeabi_cdcmpeq
                0x00001608                __aeabi_cdcmple
                0x00001618                __aeabi_dcmpeq
                0x0000162c                __aeabi_dcmplt
                0x00001640                __aeabi_dcmple
                0x00001654                __aeabi_dcmpge
                0x00001668                __aeabi_dcmpgt
 .text          0x0000167c       0x40 c:/program files (x86)/cypress/psoc creator/4.2/psoc creator/import/gnu/arm/5.4.1/bin/../lib/gcc/arm-none-eabi/5.4.1/armv7-m\libgcc.a(_arm_fixunsdfsi.o)
                0x0000167c                __aeabi_d2uiz
                0x0000167c                __fixunsdfsi
 .text          0x000016bc       0xa0 c:/program files (x86)/cypress/psoc creator/4.2/psoc creator/import/gnu/arm/5.4.1/bin/../lib/gcc/arm-none-eabi/5.4.1/armv7-m\libgcc.a(_arm_truncdfsf2.o)
                0x000016bc                __truncdfsf2
                0x000016bc                __aeabi_d2f
 .text          0x0000175c      0x21c c:/program files (x86)/cypress/psoc creator/4.2/psoc creator/import/gnu/arm/5.4.1/bin/../lib/gcc/arm-none-eabi/5.4.1/armv7-m\libgcc.a(_arm_addsubsf3.o)
                0x0000175c                __aeabi_frsub
                0x00001764                __subsf3
                0x00001764                __aeabi_fsub
                0x00001768                __aeabi_fadd
                0x00001768                __addsf3
                0x000018c8                __aeabi_ui2f
                0x000018c8                __floatunsisf
                0x000018d0                __aeabi_i2f
                0x000018d0                __floatsisf
                0x000018ec                __aeabi_ul2f
                0x000018ec                __floatundisf
                0x000018fc                __aeabi_l2f
                0x000018fc                __floatdisf
 .text          0x00001978      0x2a0 c:/program files (x86)/cypress/psoc creator/4.2/psoc creator/import/gnu/arm/5.4.1/bin/../lib/gcc/arm-none-eabi/5.4.1/armv7-m\libgcc.a(_arm_muldivsf3.o)
                0x00001978                __mulsf3
                0x00001978                __aeabi_fmul
                0x00001ae0                __aeabi_fdiv
                0x00001ae0                __divsf3
 .text.__errno  0x00001c18        0xc c:/program files (x86)/cypress/psoc creator/4.2/psoc creator/import/gnu/arm/5.4.1/bin/../lib/gcc/arm-none-eabi/5.4.1/../../../../arm-none-eabi/lib/armv7-m\libg_nano.a(lib_a-errno.o)
                0x00001c18                __errno
 .text.__libc_init_array
                0x00001c24       0x4c c:/program files (x86)/cypress/psoc creator/4.2/psoc creator/import/gnu/arm/5.4.1/bin/../lib/gcc/arm-none-eabi/5.4.1/../../../../arm-none-eabi/lib/armv7-m\libg_nano.a(lib_a-init.o)
                0x00001c24                __libc_init_array
 .text.memcpy   0x00001c70       0x16 c:/program files (x86)/cypress/psoc creator/4.2/psoc creator/import/gnu/arm/5.4.1/bin/../lib/gcc/arm-none-eabi/5.4.1/../../../../arm-none-eabi/lib/armv7-m\libg_nano.a(lib_a-memcpy-stub.o)
                0x00001c70                memcpy
 .text.memset   0x00001c86       0x10 c:/program files (x86)/cypress/psoc creator/4.2/psoc creator/import/gnu/arm/5.4.1/bin/../lib/gcc/arm-none-eabi/5.4.1/../../../../arm-none-eabi/lib/armv7-m\libg_nano.a(lib_a-memset.o)
                0x00001c86                memset
 *(.plt)
 *(.gnu.warning)
 *(.glue_7t)
 .glue_7t       0x00001c96        0x0 linker stubs
 *(.glue_7)
 .glue_7        0x00001c96        0x0 linker stubs
 *(.vfp11_veneer)
 .vfp11_veneer  0x00001c96        0x0 linker stubs
 *(.bootloader)
 *(.ARM.extab* .gnu.linkonce.armextab.*)
 *(.gcc_except_table)

.v4_bx          0x00001c98        0x0
 .v4_bx         0x00001c98        0x0 linker stubs

.iplt           0x00001c98        0x0
 .iplt          0x00001c98        0x0 c:/program files (x86)/cypress/psoc creator/4.2/psoc creator/import/gnu/arm/5.4.1/bin/../lib/gcc/arm-none-eabi/5.4.1/armv7-m/crtbegin.o

.eh_frame_hdr
 *(.eh_frame_hdr)

.eh_frame       0x00001c98        0x4
 *(.eh_frame)
 .eh_frame      0x00001c98        0x0 c:/program files (x86)/cypress/psoc creator/4.2/psoc creator/import/gnu/arm/5.4.1/bin/../lib/gcc/arm-none-eabi/5.4.1/armv7-m/crtbegin.o
 .eh_frame      0x00001c98        0x4 c:/program files (x86)/cypress/psoc creator/4.2/psoc creator/import/gnu/arm/5.4.1/bin/../lib/gcc/arm-none-eabi/5.4.1/armv7-m/crtend.o
                [!provide]                PROVIDE (__exidx_start, .)

.ARM.exidx
 *(.ARM.exidx* .gnu.linkonce.armexidx.*)
                0x00001c9c                __exidx_end = .

.rodata         0x00001c9c       0x64
 *(.rodata .rodata.* .gnu.linkonce.r.*)
 .rodata        0x00001c9c       0x2a .\CortexM3\ARM_GCC_541\Debug\cyfitter_cfg.o
 .rodata.str1.1
                0x00001cc6        0x2 c:/program files (x86)/cypress/psoc creator/4.2/psoc creator/import/gnu/arm/5.4.1/bin/../lib/gcc/arm-none-eabi/5.4.1/../../../../arm-none-eabi/lib/armv7-m\libg_nano.a(lib_a-impure.o)
                0x00001cc8                . = ALIGN (0x4)
 *(.init)
 .init          0x00001cc8        0x4 c:/program files (x86)/cypress/psoc creator/4.2/psoc creator/import/gnu/arm/5.4.1/bin/../lib/gcc/arm-none-eabi/5.4.1/armv7-m/crti.o
                0x00001cc8                _init
 .init          0x00001ccc        0x8 c:/program files (x86)/cypress/psoc creator/4.2/psoc creator/import/gnu/arm/5.4.1/bin/../lib/gcc/arm-none-eabi/5.4.1/armv7-m/crtn.o
                0x00001cd4                . = ALIGN (0x4)
                0x00001cd4                __preinit_array_start = .
 *(.preinit_array)
                0x00001cd4                __preinit_array_end = .
                0x00001cd4                . = ALIGN (0x4)
                0x00001cd4                __init_array_start = .
 *(SORT(.init_array.*))
 *(.init_array)
 .init_array    0x00001cd4        0x4 c:/program files (x86)/cypress/psoc creator/4.2/psoc creator/import/gnu/arm/5.4.1/bin/../lib/gcc/arm-none-eabi/5.4.1/armv7-m/crtbegin.o
 .init_array    0x00001cd8        0x4 .\CortexM3\ARM_GCC_541\Debug\Cm3Start.o
                0x00001cdc                __init_array_end = .
                0x00001cdc                . = ALIGN (0x4)
 *(.fini)
 .fini          0x00001cdc        0x4 c:/program files (x86)/cypress/psoc creator/4.2/psoc creator/import/gnu/arm/5.4.1/bin/../lib/gcc/arm-none-eabi/5.4.1/armv7-m/crti.o
                0x00001cdc                _fini
 .fini          0x00001ce0        0x8 c:/program files (x86)/cypress/psoc creator/4.2/psoc creator/import/gnu/arm/5.4.1/bin/../lib/gcc/arm-none-eabi/5.4.1/armv7-m/crtn.o
                0x00001ce8                . = ALIGN (0x4)
                0x00001ce8                __fini_array_start = .
 *(.fini_array)
 .fini_array    0x00001ce8        0x4 c:/program files (x86)/cypress/psoc creator/4.2/psoc creator/import/gnu/arm/5.4.1/bin/../lib/gcc/arm-none-eabi/5.4.1/armv7-m/crtbegin.o
 *(SORT(.fini_array.*))
                0x00001cec                __fini_array_end = .
                0x00001cec                . = ALIGN (0x4)
 *crtbegin.o(.ctors)
 *(EXCLUDE_FILE(*crtend.o) .ctors)
 *(SORT(.ctors.*))
 *crtend.o(.ctors)
                0x00001cec                . = ALIGN (0x4)
 *crtbegin.o(.dtors)
 *(EXCLUDE_FILE(*crtend.o) .dtors)
 *(SORT(.dtors.*))
 *crtend.o(.dtors)
                0x00001cec                . = ALIGN (0x4)
                0x00001cec                __cy_regions = .
                0x00001cec        0x4 LONG 0x1d00 __cy_region_init_ram
                0x00001cf0        0x4 LONG 0x1fff80c8 __cy_region_start_data
                0x00001cf4        0x4 LONG 0x78 __cy_region_init_size_ram
                0x00001cf8        0x4 LONG 0x38 __cy_region_zero_size_ram
                0x00001cfc                __cy_regions_end = .
                0x00001d00                . = ALIGN (0x8)
 *fill*         0x00001cfc        0x4 
                0x00001d00                _etext = .

.cy_checksum_exclude
                0x00001d00        0x0
 *(.cy_checksum_exclude)

.ramvectors     0x1fff8000       0xc0
                0x1fff8000                __cy_region_start_ram = .
 *(.ramvectors)
 .ramvectors    0x1fff8000       0xc0 .\CortexM3\ARM_GCC_541\Debug\Cm3Start.o
                0x1fff8000                CyRamVectors

.noinit         0x1fff80c0        0x1
 *(.noinit)
 .noinit        0x1fff80c0        0x1 .\CortexM3\ARM_GCC_541\Debug\GDIP Hand Dryer Rev1.a(CyLib.o)
                0x1fff80c0                CyResetStatus

.data           0x1fff80c8       0x78 load address 0x00001d00
                0x1fff80c8                __cy_region_start_data = .
 *(.jcr)
 .jcr           0x1fff80c8        0x0 c:/program files (x86)/cypress/psoc creator/4.2/psoc creator/import/gnu/arm/5.4.1/bin/../lib/gcc/arm-none-eabi/5.4.1/armv7-m/crtbegin.o
 .jcr           0x1fff80c8        0x4 c:/program files (x86)/cypress/psoc creator/4.2/psoc creator/import/gnu/arm/5.4.1/bin/../lib/gcc/arm-none-eabi/5.4.1/armv7-m/crtend.o
 *(.got.plt)
 *(.got)
 *(.shdata)
 *(.data .data.* .gnu.linkonce.d.*)
 .data          0x1fff80cc       0x10 .\CortexM3\ARM_GCC_541\Debug\GDIP Hand Dryer Rev1.a(CyLib.o)
                0x1fff80cc                cydelay_32k_ms
                0x1fff80d0                cydelay_freq_khz
                0x1fff80d4                cydelay_freq_mhz
                0x1fff80d8                cydelay_freq_hz
 .data.impure_data
                0x1fff80dc       0x60 c:/program files (x86)/cypress/psoc creator/4.2/psoc creator/import/gnu/arm/5.4.1/bin/../lib/gcc/arm-none-eabi/5.4.1/../../../../arm-none-eabi/lib/armv7-m\libg_nano.a(lib_a-impure.o)
 .data._impure_ptr
                0x1fff813c        0x4 c:/program files (x86)/cypress/psoc creator/4.2/psoc creator/import/gnu/arm/5.4.1/bin/../lib/gcc/arm-none-eabi/5.4.1/../../../../arm-none-eabi/lib/armv7-m\libg_nano.a(lib_a-impure.o)
                0x1fff813c                _impure_ptr
                0x1fff8140                . = ALIGN (0x8)
 *(.ram)
                0x1fff8140                _edata = .

.igot.plt       0x1fff8140        0x0 load address 0x00001d78
 .igot.plt      0x1fff8140        0x0 c:/program files (x86)/cypress/psoc creator/4.2/psoc creator/import/gnu/arm/5.4.1/bin/../lib/gcc/arm-none-eabi/5.4.1/armv7-m/crtbegin.o

.bss            0x1fff8140       0x38 load address 0x00001d78
                0x1fff8140                PROVIDE (__bss_start__, .)
 *(.shbss)
 *(.bss .bss.* .gnu.linkonce.b.*)
 .bss           0x1fff8140       0x1c c:/program files (x86)/cypress/psoc creator/4.2/psoc creator/import/gnu/arm/5.4.1/bin/../lib/gcc/arm-none-eabi/5.4.1/armv7-m/crtbegin.o
 .bss           0x1fff815c        0x1 .\CortexM3\ARM_GCC_541\Debug\GDIP Hand Dryer Rev1.a(I2C_1.o)
                0x1fff815c                I2C_1_initVar
 *(COMMON)
 COMMON         0x1fff815d        0x1 .\CortexM3\ARM_GCC_541\Debug\GDIP Hand Dryer Rev1.a(I2C_1.o)
                0x1fff815d                I2C_1_state
 *fill*         0x1fff815e        0x2 
 COMMON         0x1fff8160       0x11 .\CortexM3\ARM_GCC_541\Debug\GDIP Hand Dryer Rev1.a(I2C_1_MASTER.o)
                0x1fff8160                I2C_1_mstrWrBufIndex
                0x1fff8161                I2C_1_mstrControl
                0x1fff8162                I2C_1_mstrStatus
                0x1fff8163                I2C_1_mstrWrBufSize
                0x1fff8164                I2C_1_mstrRdBufIndex
                0x1fff8168                I2C_1_mstrWrBufPtr
                0x1fff816c                I2C_1_mstrRdBufPtr
                0x1fff8170                I2C_1_mstrRdBufSize
                0x1fff8178                . = ALIGN (0x8)
 *fill*         0x1fff8171        0x7 
 *(.ram.b)
                0x1fff8178                _end = .
                0x1fff8178                __end = .
                0x1fff8178                PROVIDE (end, .)
                0x1fff8178                PROVIDE (__bss_end__, .)
                0x00001d00                __cy_region_init_ram = LOADADDR (.data)
                0x00000078                __cy_region_init_size_ram = (_edata - ADDR (.data))
                0x00000038                __cy_region_zero_size_ram = (_end - _edata)

.heap           0x1fff8178       0x80 load address 0x00001d78
                0x1fff8178                . = _end
                0x1fff81f8                . = (. + 0x80)
 *fill*         0x1fff8178       0x80 
                0x1fff81f8                __cy_heap_limit = .

.stack          0x20007800      0x800
                0x20007800                __cy_stack_limit = .
                0x20008000                . = (. + 0x800)
 *fill*         0x20007800      0x800 
                0x00000001                ASSERT ((__cy_stack_limit >= __cy_heap_limit), region RAM overflowed with stack)
                0x00000000                cy_checksum_exclude_size = (CY_APPL_LOADABLE == 0x1)?SIZEOF (.cy_checksum_exclude):0x0
                0x00000001                ASSERT ((cy_checksum_exclude_size <= CY_CHECKSUM_EXCLUDE_SIZE), CY_BOOT: Section .cy_checksum_exclude size exceedes specified limit.)

.cyloadermeta
 *(.cyloadermeta)

.cyloadablemeta
 *(.cyloadablemeta)

.cyconfigecc    0x80000000      0x360
 *(.cyconfigecc)
 .cyconfigecc   0x80000000      0x360 .\CortexM3\ARM_GCC_541\Debug\cymetadata.o
                0x80000000                cy_meta_configecc

.cycustnvl      0x90000000        0x4
 *(.cycustnvl)
 .cycustnvl     0x90000000        0x4 .\CortexM3\ARM_GCC_541\Debug\cymetadata.o
                0x90000000                cy_meta_custnvl

.cywolatch      0x90100000        0x4
 *(.cywolatch)
 .cywolatch     0x90100000        0x4 .\CortexM3\ARM_GCC_541\Debug\cymetadata.o
                0x90100000                cy_meta_wonvl

.cyeeprom       0x90200000        0x0
 *(.cyeeprom)
                0x00000001                ASSERT ((. <= ((0x90200000 + ee_offset) + ee_size)), .cyeeprom data will not fit in EEPROM)

.cyflashprotect
                0x90400000      0x100
 *(.cyflashprotect)
 .cyflashprotect
                0x90400000      0x100 .\CortexM3\ARM_GCC_541\Debug\cymetadata.o
                0x90400000                cy_meta_flashprotect

.cymeta         0x90500000        0xc
 *(.cymeta)
 .cymeta        0x90500000        0xc .\CortexM3\ARM_GCC_541\Debug\cymetadata.o
                0x90500000                cy_metadata

.rel.dyn        0x00001d78        0x0 load address 0x9050000c
 .rel.iplt      0x00001d78        0x0 c:/program files (x86)/cypress/psoc creator/4.2/psoc creator/import/gnu/arm/5.4.1/bin/../lib/gcc/arm-none-eabi/5.4.1/armv7-m/crtbegin.o

.stab
 *(.stab)

.stabstr
 *(.stabstr)

.debug
 *(.debug)

.line
 *(.line)

.debug_srcinfo
 *(.debug_srcinfo)

.debug_sfnames
 *(.debug_sfnames)

.debug_aranges  0x00000000      0x948
 *(.debug_aranges)
 .debug_aranges
                0x00000000       0x38 .\CortexM3\ARM_GCC_541\Debug\main.o
 .debug_aranges
                0x00000038       0x58 .\CortexM3\ARM_GCC_541\Debug\PCA9685_Custom.o
 .debug_aranges
                0x00000090       0x58 .\CortexM3\ARM_GCC_541\Debug\cyfitter_cfg.o
 .debug_aranges
                0x000000e8       0x18 .\CortexM3\ARM_GCC_541\Debug\cymetadata.o
 .debug_aranges
                0x00000100       0x48 .\CortexM3\ARM_GCC_541\Debug\Cm3Start.o
 .debug_aranges
                0x00000148       0x48 .\CortexM3\ARM_GCC_541\Debug\GDIP Hand Dryer Rev1.a(Estop.o)
 .debug_aranges
                0x00000190       0x48 .\CortexM3\ARM_GCC_541\Debug\GDIP Hand Dryer Rev1.a(Detect_5V.o)
 .debug_aranges
                0x000001d8       0x48 .\CortexM3\ARM_GCC_541\Debug\GDIP Hand Dryer Rev1.a(UPS_LBO.o)
 .debug_aranges
                0x00000220       0x38 .\CortexM3\ARM_GCC_541\Debug\GDIP Hand Dryer Rev1.a(Servo_En_1.o)
 .debug_aranges
                0x00000258       0x38 .\CortexM3\ARM_GCC_541\Debug\GDIP Hand Dryer Rev1.a(I2C_1.o)
 .debug_aranges
                0x00000290       0x20 .\CortexM3\ARM_GCC_541\Debug\GDIP Hand Dryer Rev1.a(I2C_1_INT.o)
 .debug_aranges
                0x000002b0       0x38 .\CortexM3\ARM_GCC_541\Debug\GDIP Hand Dryer Rev1.a(I2C_1_PM.o)
 .debug_aranges
                0x000002e8       0x80 .\CortexM3\ARM_GCC_541\Debug\GDIP Hand Dryer Rev1.a(I2C_1_MASTER.o)
 .debug_aranges
                0x00000368      0x2a0 .\CortexM3\ARM_GCC_541\Debug\GDIP Hand Dryer Rev1.a(CyLib.o)
 .debug_aranges
                0x00000608       0x98 .\CortexM3\ARM_GCC_541\Debug\GDIP Hand Dryer Rev1.a(cyPm.o)
 .debug_aranges
                0x000006a0       0x80 .\CortexM3\ARM_GCC_541\Debug\GDIP Hand Dryer Rev1.a(Estop_int.o)
 .debug_aranges
                0x00000720       0x80 .\CortexM3\ARM_GCC_541\Debug\GDIP Hand Dryer Rev1.a(Detect_5V_int.o)
 .debug_aranges
                0x000007a0       0x80 .\CortexM3\ARM_GCC_541\Debug\GDIP Hand Dryer Rev1.a(UPS_LBO_int.o)
 .debug_aranges
                0x00000820       0x20 .\CortexM3\ARM_GCC_541\Debug\GDIP Hand Dryer Rev1.a(CyBootAsmGnu.o)
 .debug_aranges
                0x00000840       0x88 .\CortexM3\ARM_GCC_541\Debug\GDIP Hand Dryer Rev1.a(CyFlash.o)
 .debug_aranges
                0x000008c8       0x80 .\CortexM3\ARM_GCC_541\Debug\GDIP Hand Dryer Rev1.a(CySpc.o)

.debug_pubnames
 *(.debug_pubnames)

.debug_info     0x00000000     0x56a9
 *(.debug_info .gnu.linkonce.wi.*)
 .debug_info    0x00000000      0x314 .\CortexM3\ARM_GCC_541\Debug\main.o
 .debug_info    0x00000314      0x75d .\CortexM3\ARM_GCC_541\Debug\PCA9685_Custom.o
 .debug_info    0x00000a71      0x538 .\CortexM3\ARM_GCC_541\Debug\cyfitter_cfg.o
 .debug_info    0x00000fa9      0x135 .\CortexM3\ARM_GCC_541\Debug\cymetadata.o
 .debug_info    0x000010de      0x3bb .\CortexM3\ARM_GCC_541\Debug\Cm3Start.o
 .debug_info    0x00001499      0x174 .\CortexM3\ARM_GCC_541\Debug\GDIP Hand Dryer Rev1.a(Estop.o)
 .debug_info    0x0000160d      0x174 .\CortexM3\ARM_GCC_541\Debug\GDIP Hand Dryer Rev1.a(Detect_5V.o)
 .debug_info    0x00001781      0x174 .\CortexM3\ARM_GCC_541\Debug\GDIP Hand Dryer Rev1.a(UPS_LBO.o)
 .debug_info    0x000018f5      0x11f .\CortexM3\ARM_GCC_541\Debug\GDIP Hand Dryer Rev1.a(Servo_En_1.o)
 .debug_info    0x00001a14      0x2ad .\CortexM3\ARM_GCC_541\Debug\GDIP Hand Dryer Rev1.a(I2C_1.o)
 .debug_info    0x00001cc1      0x184 .\CortexM3\ARM_GCC_541\Debug\GDIP Hand Dryer Rev1.a(I2C_1_INT.o)
 .debug_info    0x00001e45      0x207 .\CortexM3\ARM_GCC_541\Debug\GDIP Hand Dryer Rev1.a(I2C_1_PM.o)
 .debug_info    0x0000204c      0x407 .\CortexM3\ARM_GCC_541\Debug\GDIP Hand Dryer Rev1.a(I2C_1_MASTER.o)
 .debug_info    0x00002453     0x1374 .\CortexM3\ARM_GCC_541\Debug\GDIP Hand Dryer Rev1.a(CyLib.o)
 .debug_info    0x000037c7      0xa2a .\CortexM3\ARM_GCC_541\Debug\GDIP Hand Dryer Rev1.a(cyPm.o)
 .debug_info    0x000041f1      0x2d2 .\CortexM3\ARM_GCC_541\Debug\GDIP Hand Dryer Rev1.a(Estop_int.o)
 .debug_info    0x000044c3      0x2d2 .\CortexM3\ARM_GCC_541\Debug\GDIP Hand Dryer Rev1.a(Detect_5V_int.o)
 .debug_info    0x00004795      0x2d2 .\CortexM3\ARM_GCC_541\Debug\GDIP Hand Dryer Rev1.a(UPS_LBO_int.o)
 .debug_info    0x00004a67       0xa5 .\CortexM3\ARM_GCC_541\Debug\GDIP Hand Dryer Rev1.a(CyBootAsmGnu.o)
 .debug_info    0x00004b0c      0x64d .\CortexM3\ARM_GCC_541\Debug\GDIP Hand Dryer Rev1.a(CyFlash.o)
 .debug_info    0x00005159      0x550 .\CortexM3\ARM_GCC_541\Debug\GDIP Hand Dryer Rev1.a(CySpc.o)

.debug_abbrev   0x00000000     0x1860
 *(.debug_abbrev)
 .debug_abbrev  0x00000000      0x109 .\CortexM3\ARM_GCC_541\Debug\main.o
 .debug_abbrev  0x00000109      0x12a .\CortexM3\ARM_GCC_541\Debug\PCA9685_Custom.o
 .debug_abbrev  0x00000233      0x1fe .\CortexM3\ARM_GCC_541\Debug\cyfitter_cfg.o
 .debug_abbrev  0x00000431       0x66 .\CortexM3\ARM_GCC_541\Debug\cymetadata.o
 .debug_abbrev  0x00000497      0x1e8 .\CortexM3\ARM_GCC_541\Debug\Cm3Start.o
 .debug_abbrev  0x0000067f       0x90 .\CortexM3\ARM_GCC_541\Debug\GDIP Hand Dryer Rev1.a(Estop.o)
 .debug_abbrev  0x0000070f       0x90 .\CortexM3\ARM_GCC_541\Debug\GDIP Hand Dryer Rev1.a(Detect_5V.o)
 .debug_abbrev  0x0000079f       0x90 .\CortexM3\ARM_GCC_541\Debug\GDIP Hand Dryer Rev1.a(UPS_LBO.o)
 .debug_abbrev  0x0000082f       0x90 .\CortexM3\ARM_GCC_541\Debug\GDIP Hand Dryer Rev1.a(Servo_En_1.o)
 .debug_abbrev  0x000008bf      0x10a .\CortexM3\ARM_GCC_541\Debug\GDIP Hand Dryer Rev1.a(I2C_1.o)
 .debug_abbrev  0x000009c9       0xb6 .\CortexM3\ARM_GCC_541\Debug\GDIP Hand Dryer Rev1.a(I2C_1_INT.o)
 .debug_abbrev  0x00000a7f       0xfe .\CortexM3\ARM_GCC_541\Debug\GDIP Hand Dryer Rev1.a(I2C_1_PM.o)
 .debug_abbrev  0x00000b7d      0x13c .\CortexM3\ARM_GCC_541\Debug\GDIP Hand Dryer Rev1.a(I2C_1_MASTER.o)
 .debug_abbrev  0x00000cb9      0x254 .\CortexM3\ARM_GCC_541\Debug\GDIP Hand Dryer Rev1.a(CyLib.o)
 .debug_abbrev  0x00000f0d      0x1ab .\CortexM3\ARM_GCC_541\Debug\GDIP Hand Dryer Rev1.a(cyPm.o)
 .debug_abbrev  0x000010b8      0x173 .\CortexM3\ARM_GCC_541\Debug\GDIP Hand Dryer Rev1.a(Estop_int.o)
 .debug_abbrev  0x0000122b      0x173 .\CortexM3\ARM_GCC_541\Debug\GDIP Hand Dryer Rev1.a(Detect_5V_int.o)
 .debug_abbrev  0x0000139e      0x173 .\CortexM3\ARM_GCC_541\Debug\GDIP Hand Dryer Rev1.a(UPS_LBO_int.o)
 .debug_abbrev  0x00001511       0x14 .\CortexM3\ARM_GCC_541\Debug\GDIP Hand Dryer Rev1.a(CyBootAsmGnu.o)
 .debug_abbrev  0x00001525      0x1a7 .\CortexM3\ARM_GCC_541\Debug\GDIP Hand Dryer Rev1.a(CyFlash.o)
 .debug_abbrev  0x000016cc      0x194 .\CortexM3\ARM_GCC_541\Debug\GDIP Hand Dryer Rev1.a(CySpc.o)

.debug_line     0x00000000     0x25be
 *(.debug_line)
 .debug_line    0x00000000      0x252 .\CortexM3\ARM_GCC_541\Debug\main.o
 .debug_line    0x00000252      0x2a3 .\CortexM3\ARM_GCC_541\Debug\PCA9685_Custom.o
 .debug_line    0x000004f5      0x1d9 .\CortexM3\ARM_GCC_541\Debug\cyfitter_cfg.o
 .debug_line    0x000006ce      0x141 .\CortexM3\ARM_GCC_541\Debug\cymetadata.o
 .debug_line    0x0000080f      0x234 .\CortexM3\ARM_GCC_541\Debug\Cm3Start.o
 .debug_line    0x00000a43       0xb6 .\CortexM3\ARM_GCC_541\Debug\GDIP Hand Dryer Rev1.a(Estop.o)
 .debug_line    0x00000af9       0xba .\CortexM3\ARM_GCC_541\Debug\GDIP Hand Dryer Rev1.a(Detect_5V.o)
 .debug_line    0x00000bb3       0xb8 .\CortexM3\ARM_GCC_541\Debug\GDIP Hand Dryer Rev1.a(UPS_LBO.o)
 .debug_line    0x00000c6b       0x97 .\CortexM3\ARM_GCC_541\Debug\GDIP Hand Dryer Rev1.a(Servo_En_1.o)
 .debug_line    0x00000d02       0xdf .\CortexM3\ARM_GCC_541\Debug\GDIP Hand Dryer Rev1.a(I2C_1.o)
 .debug_line    0x00000de1      0x118 .\CortexM3\ARM_GCC_541\Debug\GDIP Hand Dryer Rev1.a(I2C_1_INT.o)
 .debug_line    0x00000ef9       0xbf .\CortexM3\ARM_GCC_541\Debug\GDIP Hand Dryer Rev1.a(I2C_1_PM.o)
 .debug_line    0x00000fb8      0x201 .\CortexM3\ARM_GCC_541\Debug\GDIP Hand Dryer Rev1.a(I2C_1_MASTER.o)
 .debug_line    0x000011b9      0x816 .\CortexM3\ARM_GCC_541\Debug\GDIP Hand Dryer Rev1.a(CyLib.o)
 .debug_line    0x000019cf      0x367 .\CortexM3\ARM_GCC_541\Debug\GDIP Hand Dryer Rev1.a(cyPm.o)
 .debug_line    0x00001d36      0x136 .\CortexM3\ARM_GCC_541\Debug\GDIP Hand Dryer Rev1.a(Estop_int.o)
 .debug_line    0x00001e6c      0x13a .\CortexM3\ARM_GCC_541\Debug\GDIP Hand Dryer Rev1.a(Detect_5V_int.o)
 .debug_line    0x00001fa6      0x138 .\CortexM3\ARM_GCC_541\Debug\GDIP Hand Dryer Rev1.a(UPS_LBO_int.o)
 .debug_line    0x000020de       0x66 .\CortexM3\ARM_GCC_541\Debug\GDIP Hand Dryer Rev1.a(CyBootAsmGnu.o)
 .debug_line    0x00002144      0x21a .\CortexM3\ARM_GCC_541\Debug\GDIP Hand Dryer Rev1.a(CyFlash.o)
 .debug_line    0x0000235e      0x260 .\CortexM3\ARM_GCC_541\Debug\GDIP Hand Dryer Rev1.a(CySpc.o)

.debug_frame    0x00000000     0x176c
 *(.debug_frame)
 .debug_frame   0x00000000       0x80 .\CortexM3\ARM_GCC_541\Debug\main.o
 .debug_frame   0x00000080      0x100 .\CortexM3\ARM_GCC_541\Debug\PCA9685_Custom.o
 .debug_frame   0x00000180       0xe4 .\CortexM3\ARM_GCC_541\Debug\cyfitter_cfg.o
 .debug_frame   0x00000264       0xb8 .\CortexM3\ARM_GCC_541\Debug\Cm3Start.o
 .debug_frame   0x0000031c       0x70 .\CortexM3\ARM_GCC_541\Debug\GDIP Hand Dryer Rev1.a(Estop.o)
 .debug_frame   0x0000038c       0x70 .\CortexM3\ARM_GCC_541\Debug\GDIP Hand Dryer Rev1.a(Detect_5V.o)
 .debug_frame   0x000003fc       0x70 .\CortexM3\ARM_GCC_541\Debug\GDIP Hand Dryer Rev1.a(UPS_LBO.o)
 .debug_frame   0x0000046c       0x50 .\CortexM3\ARM_GCC_541\Debug\GDIP Hand Dryer Rev1.a(Servo_En_1.o)
 .debug_frame   0x000004bc       0x94 .\CortexM3\ARM_GCC_541\Debug\GDIP Hand Dryer Rev1.a(I2C_1.o)
 .debug_frame   0x00000550       0x30 .\CortexM3\ARM_GCC_541\Debug\GDIP Hand Dryer Rev1.a(I2C_1_INT.o)
 .debug_frame   0x00000580       0x74 .\CortexM3\ARM_GCC_541\Debug\GDIP Hand Dryer Rev1.a(I2C_1_PM.o)
 .debug_frame   0x000005f4      0x138 .\CortexM3\ARM_GCC_541\Debug\GDIP Hand Dryer Rev1.a(I2C_1_MASTER.o)
 .debug_frame   0x0000072c      0x738 .\CortexM3\ARM_GCC_541\Debug\GDIP Hand Dryer Rev1.a(CyLib.o)
 .debug_frame   0x00000e64      0x1f8 .\CortexM3\ARM_GCC_541\Debug\GDIP Hand Dryer Rev1.a(cyPm.o)
 .debug_frame   0x0000105c      0x104 .\CortexM3\ARM_GCC_541\Debug\GDIP Hand Dryer Rev1.a(Estop_int.o)
 .debug_frame   0x00001160      0x104 .\CortexM3\ARM_GCC_541\Debug\GDIP Hand Dryer Rev1.a(Detect_5V_int.o)
 .debug_frame   0x00001264      0x104 .\CortexM3\ARM_GCC_541\Debug\GDIP Hand Dryer Rev1.a(UPS_LBO_int.o)
 .debug_frame   0x00001368      0x194 .\CortexM3\ARM_GCC_541\Debug\GDIP Hand Dryer Rev1.a(CyFlash.o)
 .debug_frame   0x000014fc      0x180 .\CortexM3\ARM_GCC_541\Debug\GDIP Hand Dryer Rev1.a(CySpc.o)
 .debug_frame   0x0000167c       0x34 c:/program files (x86)/cypress/psoc creator/4.2/psoc creator/import/gnu/arm/5.4.1/bin/../lib/gcc/arm-none-eabi/5.4.1/../../../../arm-none-eabi/lib/armv7-m\libm.a(lib_a-s_floor.o)
 .debug_frame   0x000016b0       0x20 c:/program files (x86)/cypress/psoc creator/4.2/psoc creator/import/gnu/arm/5.4.1/bin/../lib/gcc/arm-none-eabi/5.4.1/../../../../arm-none-eabi/lib/armv7-m\libg_nano.a(lib_a-errno.o)
 .debug_frame   0x000016d0       0x28 c:/program files (x86)/cypress/psoc creator/4.2/psoc creator/import/gnu/arm/5.4.1/bin/../lib/gcc/arm-none-eabi/5.4.1/../../../../arm-none-eabi/lib/armv7-m\libg_nano.a(lib_a-exit.o)
 .debug_frame   0x000016f8       0x2c c:/program files (x86)/cypress/psoc creator/4.2/psoc creator/import/gnu/arm/5.4.1/bin/../lib/gcc/arm-none-eabi/5.4.1/../../../../arm-none-eabi/lib/armv7-m\libg_nano.a(lib_a-init.o)
 .debug_frame   0x00001724       0x28 c:/program files (x86)/cypress/psoc creator/4.2/psoc creator/import/gnu/arm/5.4.1/bin/../lib/gcc/arm-none-eabi/5.4.1/../../../../arm-none-eabi/lib/armv7-m\libg_nano.a(lib_a-memcpy-stub.o)
 .debug_frame   0x0000174c       0x20 c:/program files (x86)/cypress/psoc creator/4.2/psoc creator/import/gnu/arm/5.4.1/bin/../lib/gcc/arm-none-eabi/5.4.1/../../../../arm-none-eabi/lib/armv7-m\libg_nano.a(lib_a-memset.o)

.debug_str      0x00000000     0x1dae
 *(.debug_str)
 .debug_str     0x00000000      0x28a .\CortexM3\ARM_GCC_541\Debug\main.o
                                0x2db (size before relaxing)
 .debug_str     0x0000028a      0x18f .\CortexM3\ARM_GCC_541\Debug\PCA9685_Custom.o
                                0x37e (size before relaxing)
 .debug_str     0x00000419      0x17a .\CortexM3\ARM_GCC_541\Debug\cyfitter_cfg.o
                                0x324 (size before relaxing)
 .debug_str     0x00000593       0x75 .\CortexM3\ARM_GCC_541\Debug\cymetadata.o
                                0x1f9 (size before relaxing)
 .debug_str     0x00000608      0x144 .\CortexM3\ARM_GCC_541\Debug\Cm3Start.o
                                0x31f (size before relaxing)
 .debug_str     0x0000074c       0x86 .\CortexM3\ARM_GCC_541\Debug\GDIP Hand Dryer Rev1.a(Estop.o)
                                0x233 (size before relaxing)
 .debug_str     0x000007d2       0x8a .\CortexM3\ARM_GCC_541\Debug\GDIP Hand Dryer Rev1.a(Detect_5V.o)
                                0x24f (size before relaxing)
 .debug_str     0x0000085c       0x7e .\CortexM3\ARM_GCC_541\Debug\GDIP Hand Dryer Rev1.a(UPS_LBO.o)
                                0x241 (size before relaxing)
 .debug_str     0x000008da       0x63 .\CortexM3\ARM_GCC_541\Debug\GDIP Hand Dryer Rev1.a(Servo_En_1.o)
                                0x210 (size before relaxing)
 .debug_str     0x0000093d      0x145 .\CortexM3\ARM_GCC_541\Debug\GDIP Hand Dryer Rev1.a(I2C_1.o)
                                0x30e (size before relaxing)
 .debug_str     0x00000a82       0x94 .\CortexM3\ARM_GCC_541\Debug\GDIP Hand Dryer Rev1.a(I2C_1_INT.o)
                                0x28a (size before relaxing)
 .debug_str     0x00000b16       0x60 .\CortexM3\ARM_GCC_541\Debug\GDIP Hand Dryer Rev1.a(I2C_1_PM.o)
                                0x2a4 (size before relaxing)
 .debug_str     0x00000b76      0x11e .\CortexM3\ARM_GCC_541\Debug\GDIP Hand Dryer Rev1.a(I2C_1_MASTER.o)
                                0x3e7 (size before relaxing)
 .debug_str     0x00000c94      0x7dc .\CortexM3\ARM_GCC_541\Debug\GDIP Hand Dryer Rev1.a(CyLib.o)
                                0xa5c (size before relaxing)
 .debug_str     0x00001470      0x365 .\CortexM3\ARM_GCC_541\Debug\GDIP Hand Dryer Rev1.a(cyPm.o)
                                0x748 (size before relaxing)
 .debug_str     0x000017d5      0x10c .\CortexM3\ARM_GCC_541\Debug\GDIP Hand Dryer Rev1.a(Estop_int.o)
                                0x2f3 (size before relaxing)
 .debug_str     0x000018e1      0x140 .\CortexM3\ARM_GCC_541\Debug\GDIP Hand Dryer Rev1.a(Detect_5V_int.o)
                                0x32b (size before relaxing)
 .debug_str     0x00001a21      0x126 .\CortexM3\ARM_GCC_541\Debug\GDIP Hand Dryer Rev1.a(UPS_LBO_int.o)
                                0x30f (size before relaxing)
 .debug_str     0x00001b47      0x1bb .\CortexM3\ARM_GCC_541\Debug\GDIP Hand Dryer Rev1.a(CyFlash.o)
                                0x3d5 (size before relaxing)
 .debug_str     0x00001d02       0xac .\CortexM3\ARM_GCC_541\Debug\GDIP Hand Dryer Rev1.a(CySpc.o)
                                0x34d (size before relaxing)

.debug_loc      0x00000000     0x24a6
 *(.debug_loc)
 .debug_loc     0x00000000       0x48 .\CortexM3\ARM_GCC_541\Debug\main.o
 .debug_loc     0x00000048      0x223 .\CortexM3\ARM_GCC_541\Debug\PCA9685_Custom.o
 .debug_loc     0x0000026b      0x1d7 .\CortexM3\ARM_GCC_541\Debug\cyfitter_cfg.o
 .debug_loc     0x00000442      0x144 .\CortexM3\ARM_GCC_541\Debug\Cm3Start.o
 .debug_loc     0x00000586       0x84 .\CortexM3\ARM_GCC_541\Debug\GDIP Hand Dryer Rev1.a(Estop.o)
 .debug_loc     0x0000060a       0x84 .\CortexM3\ARM_GCC_541\Debug\GDIP Hand Dryer Rev1.a(Detect_5V.o)
 .debug_loc     0x0000068e       0x84 .\CortexM3\ARM_GCC_541\Debug\GDIP Hand Dryer Rev1.a(UPS_LBO.o)
 .debug_loc     0x00000712       0x42 .\CortexM3\ARM_GCC_541\Debug\GDIP Hand Dryer Rev1.a(Servo_En_1.o)
 .debug_loc     0x00000754       0x39 .\CortexM3\ARM_GCC_541\Debug\GDIP Hand Dryer Rev1.a(I2C_1.o)
 .debug_loc     0x0000078d       0x29 .\CortexM3\ARM_GCC_541\Debug\GDIP Hand Dryer Rev1.a(I2C_1_INT.o)
 .debug_loc     0x000007b6       0x13 .\CortexM3\ARM_GCC_541\Debug\GDIP Hand Dryer Rev1.a(I2C_1_PM.o)
 .debug_loc     0x000007c9      0x52f .\CortexM3\ARM_GCC_541\Debug\GDIP Hand Dryer Rev1.a(I2C_1_MASTER.o)
 .debug_loc     0x00000cf8      0xa11 .\CortexM3\ARM_GCC_541\Debug\GDIP Hand Dryer Rev1.a(CyLib.o)
 .debug_loc     0x00001709      0x1e4 .\CortexM3\ARM_GCC_541\Debug\GDIP Hand Dryer Rev1.a(cyPm.o)
 .debug_loc     0x000018ed       0x56 .\CortexM3\ARM_GCC_541\Debug\GDIP Hand Dryer Rev1.a(Estop_int.o)
 .debug_loc     0x00001943       0x56 .\CortexM3\ARM_GCC_541\Debug\GDIP Hand Dryer Rev1.a(Detect_5V_int.o)
 .debug_loc     0x00001999       0x56 .\CortexM3\ARM_GCC_541\Debug\GDIP Hand Dryer Rev1.a(UPS_LBO_int.o)
 .debug_loc     0x000019ef      0x3b2 .\CortexM3\ARM_GCC_541\Debug\GDIP Hand Dryer Rev1.a(CyFlash.o)
 .debug_loc     0x00001da1      0x705 .\CortexM3\ARM_GCC_541\Debug\GDIP Hand Dryer Rev1.a(CySpc.o)

.debug_macinfo
 *(.debug_macinfo)

.debug_ranges   0x00000000      0x7e0
 *(.debug_ranges)
 .debug_ranges  0x00000000       0x28 .\CortexM3\ARM_GCC_541\Debug\main.o
 .debug_ranges  0x00000028       0x48 .\CortexM3\ARM_GCC_541\Debug\PCA9685_Custom.o
 .debug_ranges  0x00000070       0x48 .\CortexM3\ARM_GCC_541\Debug\cyfitter_cfg.o
 .debug_ranges  0x000000b8       0x38 .\CortexM3\ARM_GCC_541\Debug\Cm3Start.o
 .debug_ranges  0x000000f0       0x38 .\CortexM3\ARM_GCC_541\Debug\GDIP Hand Dryer Rev1.a(Estop.o)
 .debug_ranges  0x00000128       0x38 .\CortexM3\ARM_GCC_541\Debug\GDIP Hand Dryer Rev1.a(Detect_5V.o)
 .debug_ranges  0x00000160       0x38 .\CortexM3\ARM_GCC_541\Debug\GDIP Hand Dryer Rev1.a(UPS_LBO.o)
 .debug_ranges  0x00000198       0x28 .\CortexM3\ARM_GCC_541\Debug\GDIP Hand Dryer Rev1.a(Servo_En_1.o)
 .debug_ranges  0x000001c0       0x28 .\CortexM3\ARM_GCC_541\Debug\GDIP Hand Dryer Rev1.a(I2C_1.o)
 .debug_ranges  0x000001e8       0x10 .\CortexM3\ARM_GCC_541\Debug\GDIP Hand Dryer Rev1.a(I2C_1_INT.o)
 .debug_ranges  0x000001f8       0x28 .\CortexM3\ARM_GCC_541\Debug\GDIP Hand Dryer Rev1.a(I2C_1_PM.o)
 .debug_ranges  0x00000220       0x70 .\CortexM3\ARM_GCC_541\Debug\GDIP Hand Dryer Rev1.a(I2C_1_MASTER.o)
 .debug_ranges  0x00000290      0x290 .\CortexM3\ARM_GCC_541\Debug\GDIP Hand Dryer Rev1.a(CyLib.o)
 .debug_ranges  0x00000520       0x88 .\CortexM3\ARM_GCC_541\Debug\GDIP Hand Dryer Rev1.a(cyPm.o)
 .debug_ranges  0x000005a8       0x70 .\CortexM3\ARM_GCC_541\Debug\GDIP Hand Dryer Rev1.a(Estop_int.o)
 .debug_ranges  0x00000618       0x70 .\CortexM3\ARM_GCC_541\Debug\GDIP Hand Dryer Rev1.a(Detect_5V_int.o)
 .debug_ranges  0x00000688       0x70 .\CortexM3\ARM_GCC_541\Debug\GDIP Hand Dryer Rev1.a(UPS_LBO_int.o)
 .debug_ranges  0x000006f8       0x78 .\CortexM3\ARM_GCC_541\Debug\GDIP Hand Dryer Rev1.a(CyFlash.o)
 .debug_ranges  0x00000770       0x70 .\CortexM3\ARM_GCC_541\Debug\GDIP Hand Dryer Rev1.a(CySpc.o)

.comment        0x00000000       0x6e
 .comment       0x00000000       0x6e .\CortexM3\ARM_GCC_541\Debug\main.o
                                 0x6f (size before relaxing)
 .comment       0x0000006e       0x6f .\CortexM3\ARM_GCC_541\Debug\PCA9685_Custom.o
 .comment       0x0000006e       0x6f .\CortexM3\ARM_GCC_541\Debug\cyfitter_cfg.o
 .comment       0x0000006e       0x6f .\CortexM3\ARM_GCC_541\Debug\cymetadata.o
 .comment       0x0000006e       0x6f .\CortexM3\ARM_GCC_541\Debug\Cm3Start.o
 .comment       0x0000006e       0x6f .\CortexM3\ARM_GCC_541\Debug\GDIP Hand Dryer Rev1.a(Estop.o)
 .comment       0x0000006e       0x6f .\CortexM3\ARM_GCC_541\Debug\GDIP Hand Dryer Rev1.a(Detect_5V.o)
 .comment       0x0000006e       0x6f .\CortexM3\ARM_GCC_541\Debug\GDIP Hand Dryer Rev1.a(UPS_LBO.o)
 .comment       0x0000006e       0x6f .\CortexM3\ARM_GCC_541\Debug\GDIP Hand Dryer Rev1.a(Servo_En_1.o)
 .comment       0x0000006e       0x6f .\CortexM3\ARM_GCC_541\Debug\GDIP Hand Dryer Rev1.a(I2C_1.o)
 .comment       0x0000006e       0x6f .\CortexM3\ARM_GCC_541\Debug\GDIP Hand Dryer Rev1.a(I2C_1_INT.o)
 .comment       0x0000006e       0x6f .\CortexM3\ARM_GCC_541\Debug\GDIP Hand Dryer Rev1.a(I2C_1_PM.o)
 .comment       0x0000006e       0x6f .\CortexM3\ARM_GCC_541\Debug\GDIP Hand Dryer Rev1.a(I2C_1_MASTER.o)
 .comment       0x0000006e       0x6f .\CortexM3\ARM_GCC_541\Debug\GDIP Hand Dryer Rev1.a(CyLib.o)
 .comment       0x0000006e       0x6f .\CortexM3\ARM_GCC_541\Debug\GDIP Hand Dryer Rev1.a(cyPm.o)
 .comment       0x0000006e       0x6f .\CortexM3\ARM_GCC_541\Debug\GDIP Hand Dryer Rev1.a(Estop_int.o)
 .comment       0x0000006e       0x6f .\CortexM3\ARM_GCC_541\Debug\GDIP Hand Dryer Rev1.a(Detect_5V_int.o)
 .comment       0x0000006e       0x6f .\CortexM3\ARM_GCC_541\Debug\GDIP Hand Dryer Rev1.a(UPS_LBO_int.o)
 .comment       0x0000006e       0x6f .\CortexM3\ARM_GCC_541\Debug\GDIP Hand Dryer Rev1.a(CyFlash.o)
 .comment       0x0000006e       0x6f .\CortexM3\ARM_GCC_541\Debug\GDIP Hand Dryer Rev1.a(CySpc.o)

.debug_weaknames
 *(.debug_weaknames)

.debug_funcnames
 *(.debug_funcnames)

.debug_typenames
 *(.debug_typenames)

.debug_varnames
 *(.debug_varnames)

.note.gnu.arm.ident
 *(.note.gnu.arm.ident)

.ARM.attributes
                0x00000000       0x29
 *(.ARM.attributes)
 .ARM.attributes
                0x00000000       0x1d c:/program files (x86)/cypress/psoc creator/4.2/psoc creator/import/gnu/arm/5.4.1/bin/../lib/gcc/arm-none-eabi/5.4.1/armv7-m/crti.o
 .ARM.attributes
                0x0000001d       0x2d c:/program files (x86)/cypress/psoc creator/4.2/psoc creator/import/gnu/arm/5.4.1/bin/../lib/gcc/arm-none-eabi/5.4.1/armv7-m/crtbegin.o
 .ARM.attributes
                0x0000004a       0x1b c:/program files (x86)/cypress/psoc creator/4.2/psoc creator/import/gnu/arm/5.4.1/bin/../lib/gcc/arm-none-eabi/5.4.1/../../../../arm-none-eabi/lib/armv7-m/crt0.o
 .ARM.attributes
                0x00000065       0x33 .\CortexM3\ARM_GCC_541\Debug\main.o
 .ARM.attributes
                0x00000098       0x33 .\CortexM3\ARM_GCC_541\Debug\PCA9685_Custom.o
 .ARM.attributes
                0x000000cb       0x33 .\CortexM3\ARM_GCC_541\Debug\cyfitter_cfg.o
 .ARM.attributes
                0x000000fe       0x33 .\CortexM3\ARM_GCC_541\Debug\cymetadata.o
 .ARM.attributes
                0x00000131       0x33 .\CortexM3\ARM_GCC_541\Debug\Cm3Start.o
 .ARM.attributes
                0x00000164       0x33 .\CortexM3\ARM_GCC_541\Debug\GDIP Hand Dryer Rev1.a(Estop.o)
 .ARM.attributes
                0x00000197       0x33 .\CortexM3\ARM_GCC_541\Debug\GDIP Hand Dryer Rev1.a(Detect_5V.o)
 .ARM.attributes
                0x000001ca       0x33 .\CortexM3\ARM_GCC_541\Debug\GDIP Hand Dryer Rev1.a(UPS_LBO.o)
 .ARM.attributes
                0x000001fd       0x33 .\CortexM3\ARM_GCC_541\Debug\GDIP Hand Dryer Rev1.a(Servo_En_1.o)
 .ARM.attributes
                0x00000230       0x33 .\CortexM3\ARM_GCC_541\Debug\GDIP Hand Dryer Rev1.a(I2C_1.o)
 .ARM.attributes
                0x00000263       0x33 .\CortexM3\ARM_GCC_541\Debug\GDIP Hand Dryer Rev1.a(I2C_1_INT.o)
 .ARM.attributes
                0x00000296       0x33 .\CortexM3\ARM_GCC_541\Debug\GDIP Hand Dryer Rev1.a(I2C_1_PM.o)
 .ARM.attributes
                0x000002c9       0x33 .\CortexM3\ARM_GCC_541\Debug\GDIP Hand Dryer Rev1.a(I2C_1_MASTER.o)
 .ARM.attributes
                0x000002fc       0x33 .\CortexM3\ARM_GCC_541\Debug\GDIP Hand Dryer Rev1.a(CyLib.o)
 .ARM.attributes
                0x0000032f       0x33 .\CortexM3\ARM_GCC_541\Debug\GDIP Hand Dryer Rev1.a(cyPm.o)
 .ARM.attributes
                0x00000362       0x33 .\CortexM3\ARM_GCC_541\Debug\GDIP Hand Dryer Rev1.a(Estop_int.o)
 .ARM.attributes
                0x00000395       0x33 .\CortexM3\ARM_GCC_541\Debug\GDIP Hand Dryer Rev1.a(Detect_5V_int.o)
 .ARM.attributes
                0x000003c8       0x33 .\CortexM3\ARM_GCC_541\Debug\GDIP Hand Dryer Rev1.a(UPS_LBO_int.o)
 .ARM.attributes
                0x000003fb       0x21 .\CortexM3\ARM_GCC_541\Debug\GDIP Hand Dryer Rev1.a(CyBootAsmGnu.o)
 .ARM.attributes
                0x0000041c       0x33 .\CortexM3\ARM_GCC_541\Debug\GDIP Hand Dryer Rev1.a(CyFlash.o)
 .ARM.attributes
                0x0000044f       0x33 .\CortexM3\ARM_GCC_541\Debug\GDIP Hand Dryer Rev1.a(CySpc.o)
 .ARM.attributes
                0x00000482       0x2d c:/program files (x86)/cypress/psoc creator/4.2/psoc creator/import/gnu/arm/5.4.1/bin/../lib/gcc/arm-none-eabi/5.4.1/../../../../arm-none-eabi/lib/armv7-m\libm.a(lib_a-s_floor.o)
 .ARM.attributes
                0x000004af       0x1d c:/program files (x86)/cypress/psoc creator/4.2/psoc creator/import/gnu/arm/5.4.1/bin/../lib/gcc/arm-none-eabi/5.4.1/armv7-m\libgcc.a(_arm_addsubdf3.o)
 .ARM.attributes
                0x000004cc       0x1d c:/program files (x86)/cypress/psoc creator/4.2/psoc creator/import/gnu/arm/5.4.1/bin/../lib/gcc/arm-none-eabi/5.4.1/armv7-m\libgcc.a(_arm_muldivdf3.o)
 .ARM.attributes
                0x000004e9       0x1d c:/program files (x86)/cypress/psoc creator/4.2/psoc creator/import/gnu/arm/5.4.1/bin/../lib/gcc/arm-none-eabi/5.4.1/armv7-m\libgcc.a(_arm_cmpdf2.o)
 .ARM.attributes
                0x00000506       0x1d c:/program files (x86)/cypress/psoc creator/4.2/psoc creator/import/gnu/arm/5.4.1/bin/../lib/gcc/arm-none-eabi/5.4.1/armv7-m\libgcc.a(_arm_fixunsdfsi.o)
 .ARM.attributes
                0x00000523       0x1d c:/program files (x86)/cypress/psoc creator/4.2/psoc creator/import/gnu/arm/5.4.1/bin/../lib/gcc/arm-none-eabi/5.4.1/armv7-m\libgcc.a(_arm_truncdfsf2.o)
 .ARM.attributes
                0x00000540       0x1d c:/program files (x86)/cypress/psoc creator/4.2/psoc creator/import/gnu/arm/5.4.1/bin/../lib/gcc/arm-none-eabi/5.4.1/armv7-m\libgcc.a(_arm_addsubsf3.o)
 .ARM.attributes
                0x0000055d       0x1d c:/program files (x86)/cypress/psoc creator/4.2/psoc creator/import/gnu/arm/5.4.1/bin/../lib/gcc/arm-none-eabi/5.4.1/armv7-m\libgcc.a(_arm_muldivsf3.o)
 .ARM.attributes
                0x0000057a       0x2d c:/program files (x86)/cypress/psoc creator/4.2/psoc creator/import/gnu/arm/5.4.1/bin/../lib/gcc/arm-none-eabi/5.4.1/../../../../arm-none-eabi/lib/armv7-m\libg_nano.a(lib_a-errno.o)
 .ARM.attributes
                0x000005a7       0x2d c:/program files (x86)/cypress/psoc creator/4.2/psoc creator/import/gnu/arm/5.4.1/bin/../lib/gcc/arm-none-eabi/5.4.1/../../../../arm-none-eabi/lib/armv7-m\libg_nano.a(lib_a-exit.o)
 .ARM.attributes
                0x000005d4       0x2d c:/program files (x86)/cypress/psoc creator/4.2/psoc creator/import/gnu/arm/5.4.1/bin/../lib/gcc/arm-none-eabi/5.4.1/../../../../arm-none-eabi/lib/armv7-m\libg_nano.a(lib_a-impure.o)
 .ARM.attributes
                0x00000601       0x2d c:/program files (x86)/cypress/psoc creator/4.2/psoc creator/import/gnu/arm/5.4.1/bin/../lib/gcc/arm-none-eabi/5.4.1/../../../../arm-none-eabi/lib/armv7-m\libg_nano.a(lib_a-init.o)
 .ARM.attributes
                0x0000062e       0x2d c:/program files (x86)/cypress/psoc creator/4.2/psoc creator/import/gnu/arm/5.4.1/bin/../lib/gcc/arm-none-eabi/5.4.1/../../../../arm-none-eabi/lib/armv7-m\libg_nano.a(lib_a-memcpy-stub.o)
 .ARM.attributes
                0x0000065b       0x2d c:/program files (x86)/cypress/psoc creator/4.2/psoc creator/import/gnu/arm/5.4.1/bin/../lib/gcc/arm-none-eabi/5.4.1/../../../../arm-none-eabi/lib/armv7-m\libg_nano.a(lib_a-memset.o)
 .ARM.attributes
                0x00000688       0x2d c:/program files (x86)/cypress/psoc creator/4.2/psoc creator/import/gnu/arm/5.4.1/bin/../lib/gcc/arm-none-eabi/5.4.1/armv7-m/crtend.o
 .ARM.attributes
                0x000006b5       0x1d c:/program files (x86)/cypress/psoc creator/4.2/psoc creator/import/gnu/arm/5.4.1/bin/../lib/gcc/arm-none-eabi/5.4.1/armv7-m/crtn.o

/DISCARD/
 *(.note.GNU-stack)
OUTPUT(C:\Users\Barney\Documents\PSoC Creator\GDIP Hand Dryer Rev1\GDIP Hand Dryer Rev1.cydsn\CortexM3\ARM_GCC_541\Debug\GDIP Hand Dryer Rev1.elf elf32-littlearm)
